<html>
<body>
<pre>
<h1>µVision Build Log</h1>
<h2>Tool Versions:</h2>
IDE-Version: µVision V5.38.0.0
Copyright (C) 2022 ARM Ltd and ARM Germany GmbH. All rights reserved.
License Information: Zachary Richatds, UCSB, LIC=----
 
Tool Versions:
Toolchain:       MDK-Lite  Version: 5.38.0.0
Toolchain Path:  C:\Keil_v5\ARM\ARMCLANG\Bin
C Compiler:      ArmClang.exe V6.19
Assembler:       Armasm.exe V6.19
Linker/Locator:  ArmLink.exe V6.19
Library Manager: ArmAr.exe V6.19
Hex Converter:   FromElf.exe V6.19
CPU DLL:         SARMCM3.DLL V5.38.0.0
Dialog DLL:      DCM.DLL V1.17.5.0
Target DLL:      STLink\ST-LINKIII-KEIL_SWO.dll V3.1.0.0
Dialog DLL:      TCM.DLL V1.56.4.0
 
<h2>Project:</h2>
C:\Users\Zach\Desktop\153b-Lab3-main\Template_L3\L3C\project.uvprojx
Project File Date:  04/27/2023

<h2>Output:</h2>
*** Using Compiler 'V6.19', folder: 'C:\Keil_v5\ARM\ARMCLANG\Bin'
Rebuild target 'Target 1'
assembling startup_stm32l476xx.s...
src/main.c(3): warning: In file included from...
src/stm32l476xx.h(12): warning: invalid UTF-8 in comment [-Winvalid-utf8]
  *           - Macros to access peripheral<92>s registers hardware
                                           ^
src/main.c(5): warning: no previous extern declaration for non-static variable 'currentValue' [-Wmissing-variable-declarations]
uint32_t volatile currentValue = 0;
                  ^
src/main.c(5): note: declare 'static' if the variable is not intended to be used outside of this translation unit
uint32_t volatile currentValue = 0;
^
src/main.c(6): warning: no previous extern declaration for non-static variable 'lastValue' [-Wmissing-variable-declarations]
uint32_t volatile lastValue = 0;
                  ^
src/main.c(6): note: declare 'static' if the variable is not intended to be used outside of this translation unit
uint32_t volatile lastValue = 0;
^
src/main.c(7): warning: no previous extern declaration for non-static variable 'overflowCount' [-Wmissing-variable-declarations]
uint32_t volatile overflowCount = 0;
                  ^
src/main.c(7): note: declare 'static' if the variable is not intended to be used outside of this translation unit
uint32_t volatile overflowCount = 0;
^
src/main.c(8): warning: no previous extern declaration for non-static variable 'timeInterval' [-Wmissing-variable-declarations]
uint32_t volatile timeInterval = 0;
                  ^
src/main.c(8): note: declare 'static' if the variable is not intended to be used outside of this translation unit
uint32_t volatile timeInterval = 0;
^
src/main.c(9): warning: no previous extern declaration for non-static variable 'dist' [-Wmissing-variable-declarations]
uint32_t volatile dist = 0;
                  ^
src/main.c(9): note: declare 'static' if the variable is not intended to be used outside of this translation unit
uint32_t volatile dist = 0;
^
src/main.c(11): warning: a function declaration without a prototype is deprecated in all versions of C [-Wstrict-prototypes]
void Input_Capture_Setup() {
                        ^
                         void
src/main.c(11): warning: no previous prototype for function 'Input_Capture_Setup' [-Wmissing-prototypes]
void Input_Capture_Setup() {
     ^
src/main.c(11): note: declare 'static' if the function is not intended to be used outside of this translation unit
void Input_Capture_Setup() {
^
static 
src/main.c(61): warning: no previous prototype for function 'TIM4_IRQHandler' [-Wmissing-prototypes]
void TIM4_IRQHandler(void) {
     ^
src/main.c(61): note: declare 'static' if the function is not intended to be used outside of this translation unit
void TIM4_IRQHandler(void) {
^
static 
src/main.c(90): warning: a function declaration without a prototype is deprecated in all versions of C [-Wstrict-prototypes]
void Trigger_Setup() {          
                  ^
                   void
src/main.c(90): warning: no previous prototype for function 'Trigger_Setup' [-Wmissing-prototypes]
void Trigger_Setup() {          
     ^
src/main.c(90): note: declare 'static' if the function is not intended to be used outside of this translation unit
void Trigger_Setup() {          
^
static 
src/main.c(161): warning: no newline at end of file [-Wnewline-eof]
}
 ^
12 warnings generated.
compiling main.c...
linking...
Program Size: Code=1500 RO-data=408 RW-data=0 ZI-data=1656  
FromELF: creating hex file...
".\Objects\project.axf" - 0 Error(s), 12 Warning(s).

<h2>Software Packages used:</h2>

Package Vendor: ARM
                http://www.keil.com/pack/ARM.CMSIS.5.9.0.pack
                ARM.CMSIS.5.9.0
                CMSIS (Common Microcontroller Software Interface Standard)
   * Component: CORE Version: 5.6.0

Package Vendor: Keil
                http://www.keil.com/pack/Keil.STM32L4xx_DFP.2.6.1.pack
                Keil.STM32L4xx_DFP.2.6.1
                STMicroelectronics STM32L4 Series Device Support, Drivers and Examples

<h2>Collection of Component include folders:</h2>
  ./RTE/_Target_1
  C:/Users/Zach/AppData/Local/Arm/Packs/ARM/CMSIS/5.9.0/CMSIS/Core/Include
  C:/Users/Zach/AppData/Local/Arm/Packs/Keil/STM32L4xx_DFP/2.6.1/Drivers/CMSIS/Device/ST/STM32L4xx/Include

<h2>Collection of Component Files used:</h2>

   * Component: ARM::CMSIS:CORE:5.6.0
Build Time Elapsed:  00:00:00
</pre>
</body>
</html>
